// Jest Snapshot v1, https://goo.gl/fbAQLP

exports[`<PlaybackRateButtonUI /> component it should render PlaybackRateButtonUI component 1`] = `
<button
  className="sc-bdnylx jyqamV"
  onClick={[MockFunction]}
  title="Playback rate"
>
  1x
</button>
`;
